30482 articles x 46042 entity terms (types=PON, max_df=0.5)
threshold 0.3: 456537 edges
threshold 0.4: 228867 edges
threshold 0.5: 119308 edges

=== event cluster by config (purity = share of cluster URLs mentioning notre-dame; recall = share of all notre-dame URLs captured) ===
config                 clusters   size  purity  recall  countries / languages
t=0.3 components           3863  23591    0.07    0.84  {'BR': 9841, 'DE': 3117, 'FR': 3259, 'JP': 2153, 'US': 5221} / {'por': 9839, 'eng': 5622, 'fra': 3257, 'deu': 3114, 'jpn': 1588, 'spa': 99, 'ara': 68, 'zho': 3, 'tur': 1}
t=0.3 leiden r=0.5         3949   2834    0.24    0.33  {'BR': 192, 'DE': 120, 'FR': 2419, 'JP': 23, 'US': 80} / {'fra': 2419, 'por': 192, 'deu': 120, 'eng': 83, 'jpn': 14, 'ara': 5, 'spa': 1}
t=0.3 leiden r=1.0         3965   2259    0.27    0.29  {'BR': 98, 'DE': 39, 'FR': 2061, 'JP': 15, 'US': 46} / {'fra': 2061, 'por': 98, 'eng': 45, 'deu': 39, 'jpn': 14, 'spa': 1, 'ara': 1}
t=0.3 leiden r=2.0         3998   1488    0.31    0.22  {'BR': 41, 'DE': 17, 'FR': 1395, 'JP': 9, 'US': 26} / {'fra': 1395, 'por': 41, 'eng': 27, 'deu': 17, 'jpn': 7, 'spa': 1}
t=0.4 components           6855  17888    0.08    0.69  {'BR': 8554, 'DE': 1280, 'FR': 2820, 'JP': 1608, 'US': 3626} / {'por': 8552, 'eng': 3909, 'fra': 2819, 'deu': 1279, 'jpn': 1188, 'spa': 82, 'ara': 58, 'zho': 1}
t=0.4 leiden r=0.5         6940   1601    0.26    0.20  {'BR': 35, 'DE': 42, 'FR': 1459, 'JP': 9, 'US': 56} / {'fra': 1459, 'eng': 56, 'deu': 42, 'por': 35, 'jpn': 7, 'ara': 1, 'spa': 1}
t=0.4 leiden r=1.0         6965   1350    0.25    0.17  {'BR': 28, 'DE': 8, 'FR': 1294, 'US': 20} / {'fra': 1294, 'por': 28, 'eng': 19, 'deu': 8, 'ara': 1}
t=0.4 leiden r=2.0         6990    432    0.67    0.14  {'DE': 2, 'FR': 4, 'JP': 93, 'US': 333} / {'eng': 319, 'jpn': 80, 'ara': 14, 'spa': 14, 'fra': 4, 'deu': 1}
t=0.5 components          10736  10944    0.09    0.46  {'BR': 6170, 'DE': 210, 'FR': 1902, 'JP': 907, 'US': 1755} / {'por': 6168, 'fra': 1902, 'eng': 1838, 'jpn': 729, 'deu': 209, 'spa': 55, 'ara': 42, 'zho': 1}
t=0.5 leiden r=0.5        10810    532    0.46    0.12  {'DE': 6, 'FR': 7, 'JP': 100, 'US': 419} / {'eng': 412, 'jpn': 86, 'ara': 12, 'spa': 10, 'fra': 7, 'deu': 5}
t=0.5 leiden r=1.0        10840    400    0.59    0.11  {'DE': 4, 'FR': 6, 'JP': 80, 'US': 310} / {'eng': 298, 'jpn': 71, 'ara': 12, 'spa': 10, 'fra': 6, 'deu': 3}
t=0.5 leiden r=2.0        10870    350    0.66    0.11  {'DE': 4, 'FR': 2, 'JP': 75, 'US': 269} / {'eng': 252, 'jpn': 71, 'ara': 12, 'spa': 10, 'deu': 3, 'fra': 2}

=== detail for t=0.3 leiden r=0.5: event cluster 5 ===
top terms: N:Emmanuel Macron, N:Monday April, O:Philippe, N:Her East, P:Our Lady, N:Tuesday April, P:Edward Philippe, N:Notre-Dame Betting, N:Wednesday April, N:Edward Philippe, N:Thank You, N:Prime Minister

-- where each country's notre-dame URLs landed (cluster: count, top terms) --
  US:
    cluster 66:  328  size   664  P:Notre Dame, N:Notre Dame, N:Notre Dame Cathedral, O:Youtube, O:Twitter, O:Cnn, O:Columbine High School, N:President Emmanuel Macron
    cluster 0:   13  size  2718  O:Cnn, P:Donald Trump, N:New York, O:Facebook, O:White House, O:Twitter, N:White House, P:Los Angeles
    cluster 5:   12  size  2834  N:Emmanuel Macron, N:Monday April, O:Philippe, N:Her East, P:Our Lady, N:Tuesday April, P:Edward Philippe, N:Notre-Dame Betting
    cluster 1:   11  size  1622  O:United States, N:United States, N:Business Wire, N:Saudi Arabia, N:North Korea, N:New York, P:Donald Trump, O:European Union
  FR:
    cluster 5:  622  size  2834  N:Emmanuel Macron, N:Monday April, O:Philippe, N:Her East, P:Our Lady, N:Tuesday April, P:Edward Philippe, N:Notre-Dame Betting
    cluster 1:   19  size  1622  O:United States, N:United States, N:Business Wire, N:Saudi Arabia, N:North Korea, N:New York, P:Donald Trump, O:European Union
    cluster 66:   14  size   664  P:Notre Dame, N:Notre Dame, N:Notre Dame Cathedral, O:Youtube, O:Twitter, O:Cnn, O:Columbine High School, N:President Emmanuel Macron
    cluster 4:   13  size  2203  N:States Attached, N:Goggle Box, N:United Kingdom, N:Union European, O:Union European, O:Boeing, N:Kingdom Attached, N:Web Site
  DE:
    cluster 16:  119  size  1102  N:Dpa News Channel, O:S Police, N:Read They, N:District Court, O:District Court, N:Monday Night, N:Federal Government, O:Parisian
    cluster 10:   26  size   442  P:Victor Hugo, N:Victor Hugo, O:A Museum, N:Their Cathedral, N:Museum National, O:Museum National, N:Natural History, N:One Fire
    cluster 1658:   12  size    12  N:Sender Rmc, N:Damaged Cathedral, N:Billion Euros, N:State Emmanuel Macron, N:Brigade To Continue, N:Architects Wanted, N:Monday Night, N:French Pinault
    cluster 18:   12  size   551  O:Police On, O:Public Prosecutor Office, N:Public Prosecutor Office, O:Nissan, N:Tuesday Evening, O:Toyota, N:Well Known, O:Prosecutor Office
  JP:
    cluster 66:    9  size   664  P:Notre Dame, N:Notre Dame, N:Notre Dame Cathedral, O:Youtube, O:Twitter, O:Cnn, O:Columbine High School, N:President Emmanuel Macron
    cluster 2639:    1  size     2  O:French Council Of The Muslim Faith, N:French Council, N:French Muslims, N:New York-based French Heritage Society, N:Muslim Faith, O:French Heritage Society, O:French Heritage Foundation, N:French Heritage Foundation
    cluster 98:    1  size   273  O:Qualcomm, O:Huawei, O:Samsung, O:Intel, N:South Korean, O:Ericsson, O:Reuters, N:Climate Change
    cluster 2549:    1  size     2  P:Philippe Marsset, N:Philippe Marsset, N:French King Louis, N:France Inter, N:Notre-Dame Cathedral Tuesday, N:Eric Fischer, P:Eric Fischer, N:Minister Franck Riester
  BR:
    cluster 10:  199  size   442  P:Victor Hugo, N:Victor Hugo, O:A Museum, N:Their Cathedral, N:Museum National, O:Museum National, N:Natural History, N:One Fire
    cluster 4:   65  size  2203  N:States Attached, N:Goggle Box, N:United Kingdom, N:Union European, O:Union European, O:Boeing, N:Kingdom Attached, N:Web Site
    cluster 11:   49  size  1434  O:Reuters, O:Petrobras, N:Reuters Size, N:Reuters Reuters This, N:States Attached, P:Roberto White, N:Roberto White, N:Home Civilian
    cluster 5:   45  size  2834  N:Emmanuel Macron, N:Monday April, O:Philippe, N:Her East, P:Our Lady, N:Tuesday April, P:Edward Philippe, N:Notre-Dame Betting

-- possible contamination: in cluster, URL does not mention notre-dame (up to 30) --
  [lefigaro.fr] http://www.lefigaro.fr/conjoncture/emploi-des-jeunes-une-priorite-de-l-executif-20190414
  [lemonde.fr] sange-a-tente-de-creer-un-centre-d-espionnage-dans-l-ambassade-selon-l-equateur_5450140_4408996.html
  [lemonde.fr] gislatives-en-finlande-les-sociaux-democrates-et-l-extreme-droite-au-coude-a-coude_5450118_3210.html
  [uol.com.br] ol.uol.com.br/noticias/2019/04/14/bomba-da-ii-guerra-mundial-e-detonada-no-rio-meno-em-frankfurt.htm
  [latimes.com] https://www.latimes.com/world/la-fg-germany-world-war-ii-bomb-20190414-story.html
  [n-tv.de] https://www.n-tv.de/regionales/bayern/Mehr-Auslaender-werden-Bayern-article20968126.html
  [la1ere.francetvinfo.fr] /la1ere.francetvinfo.fr/nouvellecaledonie/championnats-caledonie-va-tuhaa-pae-roi-du-v12-700598.html
  [france3-regions.francetvinfo.fr] rance/paris/psg-humilie-lille-perd-deux-joueurs-blesses-n-est-pas-sacre-champion-france-1655476.html
  [france3-regions.francetvinfo.fr] o.fr/paris-ile-de-france/paris/paris-explosion-ravage-appartement-du-18e-arrondissement-1655478.html
  [la1ere.francetvinfo.fr] ahiti/polynesie-francaise/grace-shing-soy-representera-polynesie-au-miss-ink-france-2019-700590.html
  [la1ere.francetvinfo.fr] fo.fr/polynesie/tahiti/polynesie-francaise/the-voice-mano-salmon-ne-passe-pas-epreuve-ko-700588.html
  [uol.com.br] m.br/ultimas-noticias/efe/2019/04/14/maduro-completa-6-anos-no-poder-e-destaca-batalha-e-vitoria.htm
  [uol.com.br] ticias/reuters/2019/04/14/vw-vai-encarar-tesla-x-na-china-a-partir-de-2021-com-novo-suv-eletrico.htm
  [la1ere.francetvinfo.fr] https://la1ere.francetvinfo.fr/nouvellecaledonie/provinciales-c-est-parti-depots-listes-700638.html
  [nbcnews.com] toryline/smart-facts/what-eye-floater-symptoms-causes-treatment-more-n983886?cid=public-rss_20190415
  [20minutes.fr] https://www.20minutes.fr/monde/2496955-20190415-finlande-sociaux-democrates-signent-retour-pouvoir
  [nbcnews.com] umuamua-interstellar-object-may-have-simple-explanation-after-all-ncna985466?cid=public-rss_20190415
  [nbcnews.com] ach/science/first-ever-photo-black-hole-may-be-coming-within-days-ncna990716?cid=public-rss_20190415
  [20minutes.fr] https://www.20minutes.fr/societe/2496727-20190414-meteo-grenoble-previsions-du-lundi-15-avril-2019
  [20minutes.fr] https://www.20minutes.fr/toulouse/2496815-20190415-meteo-toulouse-previsions-du-lundi-15-avril-2019
  [20minutes.fr] https://www.20minutes.fr/paris/2496715-20190414-meteo-paris-previsions-du-lundi-15-avril-2019
  [20minutes.fr] ://www.20minutes.fr/montpellier/2496755-20190414-meteo-montpellier-previsions-du-lundi-15-avril-2019
  [globo.com] https://oglobo.globo.com/opiniao/nelson-pereira-dos-santos-nos-23596249
  [globo.com] https://oglobo.globo.com/opiniao/memorias-do-diluvio-no-rio-23594962
  [20minutes.fr] https://www.20minutes.fr/rennes/2496895-20190415-meteo-rennes-previsions-du-lundi-15-avril-2019
  [20minutes.fr] https://www.20minutes.fr/lyon/2496891-20190415-meteo-lyon-previsions-du-lundi-15-avril-2019
  [nikkei.com] https://www.nikkei.com/article/DGXMZO43730520V10C19A4CN0000/?n_cid=TPRN0003
  [20minutes.fr] s.fr/societe/2496963-20190415-discrimination-defenseur-droits-demande-inspection-commissariats-paris
  [france3-regions.francetvinfo.fr] anie/previsions-meteo-semaine-temps-plutot-clement-temperatures-qui-depassent-20-degres-1655394.html
  [france3-regions.francetvinfo.fr] .fr/auvergne-rhone-alpes/ain/vide-grenier-solidaire-villars-dombes-apres-incendie-ecole-1655422.html

-- first article per country in cluster (hours after fire start, source, url) --
  FR -17h [lefigaro.fr] http://www.lefigaro.fr/conjoncture/emploi-des-jeunes-une-priorite-de-l-executif-20190414
  BR -17h [uol.com.br] .br/noticias/2019/04/14/bomba-da-ii-guerra-mundial-e-detonada-no-rio-meno-em-frankfurt.htm
  US -16h [latimes.com] https://www.latimes.com/world/la-fg-germany-world-war-ii-bomb-20190414-story.html
  DE -16h [n-tv.de] https://www.n-tv.de/regionales/bayern/Mehr-Auslaender-werden-Bayern-article20968126.html
  JP -13h [nikkei.com] https://www.nikkei.com/article/DGXMZO43730520V10C19A4CN0000/?n_cid=TPRN0003

-- cluster articles per country per hour after fire start (first 36h) --
shape: (36, 6)
┌─────────────┬─────┬─────┬─────┬─────┬─────┐
│ hours_after ┆ US  ┆ FR  ┆ DE  ┆ JP  ┆ BR  │
│ ---         ┆ --- ┆ --- ┆ --- ┆ --- ┆ --- │
│ i32         ┆ u32 ┆ u32 ┆ u32 ┆ u32 ┆ u32 │
╞═════════════╪═════╪═════╪═════╪═════╪═════╡
│ 0           ┆ 1   ┆ 29  ┆ 3   ┆ 0   ┆ 2   │
│ 1           ┆ 2   ┆ 76  ┆ 2   ┆ 0   ┆ 5   │
│ 2           ┆ 3   ┆ 82  ┆ 0   ┆ 0   ┆ 2   │
│ 3           ┆ 0   ┆ 58  ┆ 0   ┆ 0   ┆ 3   │
│ 4           ┆ 1   ┆ 71  ┆ 0   ┆ 0   ┆ 8   │
│ 5           ┆ 2   ┆ 63  ┆ 1   ┆ 0   ┆ 3   │
│ 6           ┆ 3   ┆ 17  ┆ 0   ┆ 0   ┆ 3   │
│ 7           ┆ 1   ┆ 20  ┆ 3   ┆ 0   ┆ 5   │
│ 8           ┆ 3   ┆ 1   ┆ 3   ┆ 1   ┆ 2   │
│ 9           ┆ 2   ┆ 5   ┆ 1   ┆ 0   ┆ 5   │
│ 10          ┆ 2   ┆ 10  ┆ 4   ┆ 0   ┆ 3   │
│ 11          ┆ 0   ┆ 1   ┆ 2   ┆ 0   ┆ 0   │
│ 12          ┆ 0   ┆ 22  ┆ 0   ┆ 0   ┆ 0   │
│ 13          ┆ 1   ┆ 37  ┆ 2   ┆ 0   ┆ 0   │
│ 14          ┆ 1   ┆ 33  ┆ 0   ┆ 0   ┆ 1   │
│ 15          ┆ 0   ┆ 47  ┆ 3   ┆ 0   ┆ 1   │
│ 16          ┆ 1   ┆ 45  ┆ 2   ┆ 0   ┆ 1   │
│ 17          ┆ 2   ┆ 68  ┆ 0   ┆ 0   ┆ 2   │
│ 18          ┆ 1   ┆ 51  ┆ 2   ┆ 0   ┆ 5   │
│ 19          ┆ 1   ┆ 61  ┆ 1   ┆ 0   ┆ 3   │
│ 20          ┆ 2   ┆ 62  ┆ 4   ┆ 2   ┆ 2   │
│ 21          ┆ 0   ┆ 26  ┆ 5   ┆ 0   ┆ 5   │
│ 22          ┆ 1   ┆ 77  ┆ 1   ┆ 0   ┆ 7   │
│ 23          ┆ 3   ┆ 51  ┆ 4   ┆ 0   ┆ 1   │
│ 24          ┆ 2   ┆ 60  ┆ 6   ┆ 0   ┆ 3   │
│ 25          ┆ 2   ┆ 46  ┆ 3   ┆ 0   ┆ 3   │
│ 26          ┆ 2   ┆ 62  ┆ 1   ┆ 0   ┆ 4   │
│ 27          ┆ 1   ┆ 50  ┆ 5   ┆ 0   ┆ 3   │
│ 28          ┆ 1   ┆ 45  ┆ 2   ┆ 0   ┆ 4   │
│ 29          ┆ 1   ┆ 29  ┆ 0   ┆ 1   ┆ 6   │
│ 30          ┆ 2   ┆ 9   ┆ 1   ┆ 0   ┆ 1   │
│ 31          ┆ 1   ┆ 3   ┆ 0   ┆ 1   ┆ 5   │
│ 32          ┆ 1   ┆ 3   ┆ 0   ┆ 0   ┆ 2   │
│ 33          ┆ 0   ┆ 2   ┆ 1   ┆ 0   ┆ 3   │
│ 34          ┆ 0   ┆ 0   ┆ 1   ┆ 0   ┆ 4   │
│ 35          ┆ 0   ┆ 1   ┆ 1   ┆ 0   ┆ 0   │
└─────────────┴─────┴─────┴─────┴─────┴─────┘
